// Jest Snapshot v1, https://goo.gl/fbAQLP

exports[`should render ExpenseListItem with data 1`] = `
<div>
  <Link
    replace={false}
    to="/edit/1"
  >
    Gum
  </Link>
  -
  $1.95
  -
  January 1st, 1970
</div>
`;
